c:\st\stm32cubeide_1.10.1\stm32cubeide\plugins\com.st.stm32cube.ide.mcu.externaltools.gnu-tools-for-stm32.10.3-2021.10.win32_1.0.0.202111181127\tools\bin\../lib/gcc/arm-none-eabi/10.3.1/../../../../arm-none-eabi/include/c++/10.3.1/arm-none-eabi/thumb/v7e-m+fp/hard/bits/gthr-default.h:229:1:int __gthread_key_delete(__gthread_key_t)	16	static
../tflite-micro/tensorflow/lite/micro/tools/make/downloads/flatbuffers/include/flatbuffers/buffer.h:55:13:void flatbuffers::EndianCheck()	16	static
../tflite-micro/tensorflow/lite/micro/tools/make/downloads/flatbuffers/include/flatbuffers/table.h:29:18:const uint8_t* flatbuffers::Table::GetVTable() const	24	static
../tflite-micro/tensorflow/lite/micro/tools/make/downloads/flatbuffers/include/flatbuffers/table.h:35:13:flatbuffers::voffset_t flatbuffers::Table::GetOptionalFieldOffset(flatbuffers::voffset_t) const	24	static
../tflite-micro/tensorflow/lite/schema/schema_generated.h:723:28:const char* const* tflite::EnumNamesTensorType()	4	static
../tflite-micro/tensorflow/lite/schema/schema_generated.h:749:20:const char* tflite::EnumNameTensorType(tflite::TensorType)	24	static
../tflite-micro/tensorflow/lite/schema/schema_generated.h:1426:28:const char* const* tflite::EnumNamesBuiltinOperator()	4	static
../tflite-micro/tensorflow/lite/schema/schema_generated.h:1640:20:const char* tflite::EnumNameBuiltinOperator(tflite::BuiltinOperator)	32	static
../tflite-micro/tensorflow/lite/schema/schema_generated.h:5803:22:tflite::TensorType tflite::Tensor::type() const	16	static
../tflite-micro/tensorflow/lite/schema/schema_generated.h:14552:27:tflite::BuiltinOperator tflite::OperatorCode::builtin_code() const	16	static
../tflite-micro/tensorflow/lite/schema/schema_generated.h:14776:12:uint32_t tflite::Operator::opcode_index() const	16	static
../tflite-micro/tensorflow/lite/schema/schema_generated.h:14779:41:const flatbuffers::Vector<long int>* tflite::Operator::inputs() const	16	static
../tflite-micro/tensorflow/lite/schema/schema_generated.h:14782:41:const flatbuffers::Vector<long int>* tflite::Operator::outputs() const	16	static
../tflite-micro/tensorflow/lite/schema/schema_generated.h:16023:71:const flatbuffers::Vector<flatbuffers::Offset<tflite::Tensor> >* tflite::SubGraph::tensors() const	16	static
../tflite-micro/tensorflow/lite/schema/schema_generated.h:16032:73:const flatbuffers::Vector<flatbuffers::Offset<tflite::Operator> >* tflite::SubGraph::operators() const	16	static
../tflite-micro/tensorflow/lite/schema/schema_generated.h:16507:12:uint32_t tflite::Model::version() const	16	static
../tflite-micro/tensorflow/lite/schema/schema_generated.h:16510:77:const flatbuffers::Vector<flatbuffers::Offset<tflite::OperatorCode> >* tflite::Model::operator_codes() const	16	static
../tflite-micro/tensorflow/lite/schema/schema_generated.h:16513:73:const flatbuffers::Vector<flatbuffers::Offset<tflite::SubGraph> >* tflite::Model::subgraphs() const	16	static
../tflite-micro/tensorflow/lite/schema/schema_generated.h:24793:29:const tflite::Model* tflite::GetModel(const void*)	16	static
../tflite-micro/tensorflow/lite/micro/micro_op_resolver.h:50:11:tflite::MicroOpResolver::~MicroOpResolver()	16	static
../tflite-micro/tensorflow/lite/micro/micro_op_resolver.h:50:11:virtual tflite::MicroOpResolver::~MicroOpResolver()	16	static
../Core/Src/main.cc:75:6:void PrintModelDetails(const tflite::Model*)	64	static
../Core/Src/main.cc:119:6:void print_shape(TfLiteTensor*)	24	static
../Core/Src/main.cc:179:5:int main()	752	static
../Core/Src/main.cc:294:6:void SystemClock_Config()	96	static
../Core/Src/main.cc:355:13:void MX_DFSDM1_Init()	8	static
../Core/Src/main.cc:393:13:void MX_I2C2_Init()	8	static
../Core/Src/main.cc:441:13:void MX_QUADSPI_Init()	8	static
../Core/Src/main.cc:474:13:void MX_SPI3_Init()	8	static
../Core/Src/main.cc:514:13:void MX_USART1_UART_Init()	8	static
../Core/Src/main.cc:549:13:void MX_USART3_UART_Init()	8	static
../Core/Src/main.cc:584:13:void MX_USB_OTG_FS_PCD_Init()	8	static
../Core/Src/main.cc:619:13:void MX_GPIO_Init()	48	static
../Core/Src/main.cc:803:5:int _write(int, const void*, int)	24	static
../Core/Src/main.cc:823:6:void Error_Handler()	4	static,ignoring_inline_asm
../tflite-micro/tensorflow/lite/micro/tools/make/downloads/flatbuffers/include/flatbuffers/base.h:425:24:T flatbuffers::EndianScalar(T) [with T = long unsigned int]	16	static
../tflite-micro/tensorflow/lite/micro/tools/make/downloads/flatbuffers/include/flatbuffers/base.h:436:3:T flatbuffers::ReadScalar(const void*) [with T = long int]	16	static
../tflite-micro/tensorflow/lite/micro/tools/make/downloads/flatbuffers/include/flatbuffers/base.h:436:3:T flatbuffers::ReadScalar(const void*) [with T = short unsigned int]	16	static
../tflite-micro/tensorflow/lite/micro/tools/make/downloads/flatbuffers/include/flatbuffers/base.h:436:3:T flatbuffers::ReadScalar(const void*) [with T = long unsigned int]	16	static
../tflite-micro/tensorflow/lite/micro/tools/make/downloads/flatbuffers/include/flatbuffers/base.h:494:13:bool flatbuffers::IsOutRange(const T&, const T&, const T&) [with T = tflite::TensorType]	24	static
../tflite-micro/tensorflow/lite/micro/tools/make/downloads/flatbuffers/include/flatbuffers/base.h:494:13:bool flatbuffers::IsOutRange(const T&, const T&, const T&) [with T = tflite::BuiltinOperator]	24	static
../tflite-micro/tensorflow/lite/micro/tools/make/downloads/flatbuffers/include/flatbuffers/table.h:45:26:T flatbuffers::Table::GetField(flatbuffers::voffset_t, T) const [with T = long int]	32	static
../tflite-micro/tensorflow/lite/micro/tools/make/downloads/flatbuffers/include/flatbuffers/table.h:58:5:P flatbuffers::Table::GetPointer(flatbuffers::voffset_t) const [with P = const flatbuffers::Vector<long int>*; OffsetSize = long unsigned int]	16	static
../tflite-micro/tensorflow/lite/micro/tools/make/downloads/flatbuffers/include/flatbuffers/table.h:45:26:T flatbuffers::Table::GetField(flatbuffers::voffset_t, T) const [with T = signed char]	24	static
../tflite-micro/tensorflow/lite/micro/tools/make/downloads/flatbuffers/include/flatbuffers/table.h:45:26:T flatbuffers::Table::GetField(flatbuffers::voffset_t, T) const [with T = long unsigned int]	32	static
../tflite-micro/tensorflow/lite/micro/tools/make/downloads/flatbuffers/include/flatbuffers/table.h:58:5:P flatbuffers::Table::GetPointer(flatbuffers::voffset_t) const [with P = const flatbuffers::Vector<flatbuffers::Offset<tflite::Tensor> >*; OffsetSize = long unsigned int]	16	static
../tflite-micro/tensorflow/lite/micro/tools/make/downloads/flatbuffers/include/flatbuffers/table.h:58:5:P flatbuffers::Table::GetPointer(flatbuffers::voffset_t) const [with P = const flatbuffers::Vector<flatbuffers::Offset<tflite::Operator> >*; OffsetSize = long unsigned int]	16	static
../tflite-micro/tensorflow/lite/micro/tools/make/downloads/flatbuffers/include/flatbuffers/table.h:58:5:P flatbuffers::Table::GetPointer(flatbuffers::voffset_t) const [with P = const flatbuffers::Vector<flatbuffers::Offset<tflite::OperatorCode> >*; OffsetSize = long unsigned int]	16	static
../tflite-micro/tensorflow/lite/micro/tools/make/downloads/flatbuffers/include/flatbuffers/table.h:58:5:P flatbuffers::Table::GetPointer(flatbuffers::voffset_t) const [with P = const flatbuffers::Vector<flatbuffers::Offset<tflite::SubGraph> >*; OffsetSize = long unsigned int]	16	static
../tflite-micro/tensorflow/lite/micro/tools/make/downloads/flatbuffers/include/flatbuffers/vector.h:164:9:SizeT flatbuffers::Vector<T, SizeT>::size() const [with T = long int; SizeT = long unsigned int]	16	static
../tflite-micro/tensorflow/lite/micro/tools/make/downloads/flatbuffers/include/flatbuffers/vector.h:175:15:flatbuffers::Vector<T, SizeT>::return_type flatbuffers::Vector<T, SizeT>::Get(SizeT) const [with T = long int; SizeT = long unsigned int]	16	static
../tflite-micro/tensorflow/lite/micro/tools/make/downloads/flatbuffers/include/flatbuffers/vector.h:164:9:SizeT flatbuffers::Vector<T, SizeT>::size() const [with T = flatbuffers::Offset<tflite::Tensor>; SizeT = long unsigned int]	16	static
../tflite-micro/tensorflow/lite/micro/tools/make/downloads/flatbuffers/include/flatbuffers/vector.h:175:15:flatbuffers::Vector<T, SizeT>::return_type flatbuffers::Vector<T, SizeT>::Get(SizeT) const [with T = flatbuffers::Offset<tflite::Tensor>; SizeT = long unsigned int]	16	static
../tflite-micro/tensorflow/lite/micro/tools/make/downloads/flatbuffers/include/flatbuffers/vector.h:164:9:SizeT flatbuffers::Vector<T, SizeT>::size() const [with T = flatbuffers::Offset<tflite::Operator>; SizeT = long unsigned int]	16	static
../tflite-micro/tensorflow/lite/micro/tools/make/downloads/flatbuffers/include/flatbuffers/vector.h:175:15:flatbuffers::Vector<T, SizeT>::return_type flatbuffers::Vector<T, SizeT>::Get(SizeT) const [with T = flatbuffers::Offset<tflite::Operator>; SizeT = long unsigned int]	16	static
../tflite-micro/tensorflow/lite/micro/tools/make/downloads/flatbuffers/include/flatbuffers/vector.h:164:9:SizeT flatbuffers::Vector<T, SizeT>::size() const [with T = flatbuffers::Offset<tflite::OperatorCode>; SizeT = long unsigned int]	16	static
../tflite-micro/tensorflow/lite/micro/tools/make/downloads/flatbuffers/include/flatbuffers/vector.h:175:15:flatbuffers::Vector<T, SizeT>::return_type flatbuffers::Vector<T, SizeT>::Get(SizeT) const [with T = flatbuffers::Offset<tflite::OperatorCode>; SizeT = long unsigned int]	16	static
../tflite-micro/tensorflow/lite/micro/tools/make/downloads/flatbuffers/include/flatbuffers/vector.h:164:9:SizeT flatbuffers::Vector<T, SizeT>::size() const [with T = flatbuffers::Offset<tflite::SubGraph>; SizeT = long unsigned int]	16	static
../tflite-micro/tensorflow/lite/micro/tools/make/downloads/flatbuffers/include/flatbuffers/vector.h:175:15:flatbuffers::Vector<T, SizeT>::return_type flatbuffers::Vector<T, SizeT>::Get(SizeT) const [with T = flatbuffers::Offset<tflite::SubGraph>; SizeT = long unsigned int]	16	static
../tflite-micro/tensorflow/lite/micro/tools/make/downloads/flatbuffers/include/flatbuffers/buffer.h:188:31:const T* flatbuffers::GetRoot(const void*) [with T = tflite::Model]	16	static
../tflite-micro/tensorflow/lite/micro/micro_op_resolver.h:34:7:constexpr tflite::MicroOpResolver::MicroOpResolver()	16	static
../tflite-micro/tensorflow/lite/micro/micro_mutable_op_resolver.h:49:12:tflite::MicroMutableOpResolver<tOpCount>::MicroMutableOpResolver() [with unsigned int tOpCount = 8]	16	static
../tflite-micro/tensorflow/lite/micro/micro_mutable_op_resolver.h:497:16:TfLiteStatus tflite::MicroMutableOpResolver<tOpCount>::AddRelu() [with unsigned int tOpCount = 8]	48	static
../tflite-micro/tensorflow/lite/micro/micro_mutable_op_resolver.h:190:16:TfLiteStatus tflite::MicroMutableOpResolver<tOpCount>::AddConv2D(const TFLMRegistration&) [with unsigned int tOpCount = 8]	16	static
../tflite-micro/tensorflow/lite/micro/micro_mutable_op_resolver.h:422:16:TfLiteStatus tflite::MicroMutableOpResolver<tOpCount>::AddMaxPool2D(const TFLMRegistration&) [with unsigned int tOpCount = 8]	16	static
../tflite-micro/tensorflow/lite/micro/micro_mutable_op_resolver.h:506:16:TfLiteStatus tflite::MicroMutableOpResolver<tOpCount>::AddReshape() [with unsigned int tOpCount = 8]	48	static
../tflite-micro/tensorflow/lite/micro/micro_mutable_op_resolver.h:323:16:TfLiteStatus tflite::MicroMutableOpResolver<tOpCount>::AddFullyConnected(const TFLMRegistration&) [with unsigned int tOpCount = 8]	16	static
../tflite-micro/tensorflow/lite/micro/micro_mutable_op_resolver.h:553:16:TfLiteStatus tflite::MicroMutableOpResolver<tOpCount>::AddSoftmax(const TFLMRegistration&) [with unsigned int tOpCount = 8]	16	static
../tflite-micro/tensorflow/lite/micro/micro_mutable_op_resolver.h:511:16:TfLiteStatus tflite::MicroMutableOpResolver<tOpCount>::AddResizeBilinear() [with unsigned int tOpCount = 8]	48	static
../tflite-micro/tensorflow/lite/micro/micro_mutable_op_resolver.h:482:16:TfLiteStatus tflite::MicroMutableOpResolver<tOpCount>::AddQuantize() [with unsigned int tOpCount = 8]	48	static
../tflite-micro/tensorflow/lite/micro/tools/make/downloads/flatbuffers/include/flatbuffers/base.h:425:24:T flatbuffers::EndianScalar(T) [with T = long int]	16	static
../tflite-micro/tensorflow/lite/micro/tools/make/downloads/flatbuffers/include/flatbuffers/base.h:425:24:T flatbuffers::EndianScalar(T) [with T = short unsigned int]	16	static
../tflite-micro/tensorflow/lite/micro/tools/make/downloads/flatbuffers/include/flatbuffers/base.h:436:3:T flatbuffers::ReadScalar(const void*) [with T = signed char]	16	static
../tflite-micro/tensorflow/lite/micro/tools/make/downloads/flatbuffers/include/flatbuffers/table.h:51:5:P flatbuffers::Table::GetPointer(flatbuffers::voffset_t) [with P = const flatbuffers::Vector<long int>*; OffsetSize = long unsigned int]	24	static
../tflite-micro/tensorflow/lite/micro/tools/make/downloads/flatbuffers/include/flatbuffers/table.h:51:5:P flatbuffers::Table::GetPointer(flatbuffers::voffset_t) [with P = const flatbuffers::Vector<flatbuffers::Offset<tflite::Tensor> >*; OffsetSize = long unsigned int]	24	static
../tflite-micro/tensorflow/lite/micro/tools/make/downloads/flatbuffers/include/flatbuffers/table.h:51:5:P flatbuffers::Table::GetPointer(flatbuffers::voffset_t) [with P = const flatbuffers::Vector<flatbuffers::Offset<tflite::Operator> >*; OffsetSize = long unsigned int]	24	static
../tflite-micro/tensorflow/lite/micro/tools/make/downloads/flatbuffers/include/flatbuffers/table.h:51:5:P flatbuffers::Table::GetPointer(flatbuffers::voffset_t) [with P = const flatbuffers::Vector<flatbuffers::Offset<tflite::OperatorCode> >*; OffsetSize = long unsigned int]	24	static
../tflite-micro/tensorflow/lite/micro/tools/make/downloads/flatbuffers/include/flatbuffers/table.h:51:5:P flatbuffers::Table::GetPointer(flatbuffers::voffset_t) [with P = const flatbuffers::Vector<flatbuffers::Offset<tflite::SubGraph> >*; OffsetSize = long unsigned int]	24	static
../tflite-micro/tensorflow/lite/micro/tools/make/downloads/flatbuffers/include/flatbuffers/vector.h:253:18:const uint8_t* flatbuffers::Vector<T, SizeT>::Data() const [with T = long int; SizeT = long unsigned int]	16	static
../tflite-micro/tensorflow/lite/micro/tools/make/downloads/flatbuffers/include/flatbuffers/buffer.h:98:22:static flatbuffers::IndirectHelper<T>::return_type flatbuffers::IndirectHelper<T>::Read(const uint8_t*, size_t) [with T = long int]	16	static
../tflite-micro/tensorflow/lite/micro/tools/make/downloads/flatbuffers/include/flatbuffers/vector.h:253:18:const uint8_t* flatbuffers::Vector<T, SizeT>::Data() const [with T = flatbuffers::Offset<tflite::Tensor>; SizeT = long unsigned int]	16	static
../tflite-micro/tensorflow/lite/micro/tools/make/downloads/flatbuffers/include/flatbuffers/buffer.h:115:22:static const T* flatbuffers::IndirectHelper<OffsetT<T> >::Read(const uint8_t*, flatbuffers::IndirectHelper<OffsetT<T> >::offset_type) [with T = tflite::Tensor; OffsetT = flatbuffers::Offset]	24	static
../tflite-micro/tensorflow/lite/micro/tools/make/downloads/flatbuffers/include/flatbuffers/vector.h:253:18:const uint8_t* flatbuffers::Vector<T, SizeT>::Data() const [with T = flatbuffers::Offset<tflite::Operator>; SizeT = long unsigned int]	16	static
../tflite-micro/tensorflow/lite/micro/tools/make/downloads/flatbuffers/include/flatbuffers/buffer.h:115:22:static const T* flatbuffers::IndirectHelper<OffsetT<T> >::Read(const uint8_t*, flatbuffers::IndirectHelper<OffsetT<T> >::offset_type) [with T = tflite::Operator; OffsetT = flatbuffers::Offset]	24	static
../tflite-micro/tensorflow/lite/micro/tools/make/downloads/flatbuffers/include/flatbuffers/vector.h:253:18:const uint8_t* flatbuffers::Vector<T, SizeT>::Data() const [with T = flatbuffers::Offset<tflite::OperatorCode>; SizeT = long unsigned int]	16	static
../tflite-micro/tensorflow/lite/micro/tools/make/downloads/flatbuffers/include/flatbuffers/buffer.h:115:22:static const T* flatbuffers::IndirectHelper<OffsetT<T> >::Read(const uint8_t*, flatbuffers::IndirectHelper<OffsetT<T> >::offset_type) [with T = tflite::OperatorCode; OffsetT = flatbuffers::Offset]	24	static
../tflite-micro/tensorflow/lite/micro/tools/make/downloads/flatbuffers/include/flatbuffers/vector.h:253:18:const uint8_t* flatbuffers::Vector<T, SizeT>::Data() const [with T = flatbuffers::Offset<tflite::SubGraph>; SizeT = long unsigned int]	16	static
../tflite-micro/tensorflow/lite/micro/tools/make/downloads/flatbuffers/include/flatbuffers/buffer.h:115:22:static const T* flatbuffers::IndirectHelper<OffsetT<T> >::Read(const uint8_t*, flatbuffers::IndirectHelper<OffsetT<T> >::offset_type) [with T = tflite::SubGraph; OffsetT = flatbuffers::Offset]	24	static
../tflite-micro/tensorflow/lite/micro/tools/make/downloads/flatbuffers/include/flatbuffers/buffer.h:175:25:T* flatbuffers::GetMutableRoot(void*) [with T = tflite::Model]	16	static
../tflite-micro/tensorflow/lite/micro/micro_mutable_op_resolver.h:665:16:TfLiteStatus tflite::MicroMutableOpResolver<tOpCount>::AddBuiltin(tflite::BuiltinOperator, const TFLMRegistration&, tflite::TfLiteBridgeBuiltinParseFunction) [with unsigned int tOpCount = 8]	32	static
../tflite-micro/tensorflow/lite/micro/tools/make/downloads/flatbuffers/include/flatbuffers/base.h:425:24:T flatbuffers::EndianScalar(T) [with T = signed char]	16	static
../tflite-micro/tensorflow/lite/micro/micro_mutable_op_resolver.h:51:27:const TFLMRegistration* tflite::MicroMutableOpResolver<tOpCount>::FindOp(tflite::BuiltinOperator) const [with unsigned int tOpCount = 8]	24	static
../tflite-micro/tensorflow/lite/micro/micro_mutable_op_resolver.h:45:7:tflite::MicroMutableOpResolver<8>::~MicroMutableOpResolver()	16	static
../tflite-micro/tensorflow/lite/micro/micro_mutable_op_resolver.h:45:7:virtual tflite::MicroMutableOpResolver<8>::~MicroMutableOpResolver()	16	static
../tflite-micro/tensorflow/lite/micro/micro_mutable_op_resolver.h:63:27:const TFLMRegistration* tflite::MicroMutableOpResolver<tOpCount>::FindOp(const char*) const [with unsigned int tOpCount = 8]	24	static
../tflite-micro/tensorflow/lite/micro/micro_mutable_op_resolver.h:74:36:TfLiteStatus (* tflite::MicroMutableOpResolver<tOpCount>::GetOpDataParser(tflite::BuiltinOperator) const)(const tflite::Operator*, tflite::ErrorReporter*, tflite::BuiltinDataAllocator*, void**) [with unsigned int tOpCount = 8]	24	static
